
> thina-crm@1.3.1 build
> next build

   Γû▓ Next.js 15.5.15
   - Environments: .env.local
   - Experiments (use with caution):
     ┬╖ clientTraceMetadata
     ┬╖ optimizePackageImports

   Creating an optimized production build ...
node.exe : [@sentry/nextjs] DEPRECATION WARNING: It is recommended renaming 
your `sentry.client.config.ts` file, or moving its content to 
`instrumentation-client.ts`. When using Turbopack `sentry.client.config.ts` 
will no longer work. Read more about the `instrumentation-client.ts` file: http
s://nextjs.org/docs/app/api-reference/file-conventions/instrumentation-client
At line:1 char:1
+ & "C:\Program Files\nodejs/node.exe" "C:\Program Files\nodejs/node_mo ...
+ ~~~~~~~~~~~~~~~~~~~~~~~~~~~~~~~~~~~~~~~~~~~~~~~~~~~~~~~~~~~~~~~~~~~~~
    + CategoryInfo          : NotSpecified: ([@sentry/nextjs...entation-client 
   :String) [], RemoteException
    + FullyQualifiedErrorId : NativeCommandError
 
<w> [webpack.cache.PackFileCacheStrategy] Serializing big strings (192kiB) 
impacts deserialization performance (consider using Buffer instead and decode 
when needed)
<w> [webpack.cache.PackFileCacheStrategy] Serializing big strings (139kiB) 
impacts deserialization performance (consider using Buffer instead and decode 
when needed)
 Γ£ô Compiled successfully in 4.0min
   Linting and checking validity of types ...
   Collecting page data ...
   Generating static pages (0/29) ...
   Generating static pages (7/29) 
   Generating static pages (14/29) 
   Generating static pages (21/29) 
 Γ£ô Generating static pages (29/29)
   Finalizing page optimization ...
   Collecting build traces ...

Route (app)                                 Size  First Load JS
Γöî Γùï /                                    6.21 kB         428 kB
Γö£ Γùï /_not-found                            329 B         182 kB
Γö£ ╞Æ /api/cma/research                      330 B         182 kB
Γö£ ╞Æ /api/health                            330 B         182 kB
Γö£ ╞Æ /api/leads/inbound                     330 B         182 kB
Γö£ ╞Æ /api/seed                              329 B         182 kB
Γö£ ╞Æ /api/sms/send                          330 B         182 kB
Γö£ Γùï /buyer-match                         5.17 kB         421 kB
Γö£ Γùï /cma                                  8.6 kB         443 kB
Γö£ Γùï /compliance                          6.21 kB         450 kB
Γö£ Γùï /contacts                            5.45 kB         421 kB
Γö£ ╞Æ /contacts/[id]                       3.89 kB         452 kB
Γö£ Γùï /documents                           6.18 kB         447 kB
Γö£ Γùï /inbound                             5.35 kB         440 kB
Γö£ Γùï /lead-roi                            5.59 kB         531 kB
Γö£ Γùï /leads                               4.66 kB         443 kB
Γö£ ╞Æ /leads/[id]                          3.41 kB         452 kB
Γö£ Γùï /login                               4.03 kB         317 kB
Γö£ Γùï /messaging                           5.36 kB         427 kB
Γö£ Γùï /pipeline                            2.65 kB         441 kB
Γö£ Γùï /properties                          4.14 kB         448 kB
Γö£ Γùï /reports                             15.8 kB         548 kB
Γö£ Γùï /seed                                2.66 kB         390 kB
Γö£ Γùï /sequences                           5.51 kB         440 kB
Γö£ ╞Æ /showday/[id]                        4.36 kB         352 kB
Γö£ Γùï /showdays                            5.98 kB         447 kB
Γö£ Γùï /speed-to-lead                       6.72 kB         441 kB
Γö£ Γùï /tasks                               5.79 kB         447 kB
Γö£ Γùï /transactions                        3.56 kB         443 kB
Γö£ ╞Æ /transactions/[id]                   8.23 kB         443 kB
Γöö Γùï /transactions/pipeline               2.76 kB         442 kB
+ First Load JS shared by all             181 kB
  Γö£ chunks/4bd1b696-b6d46551aa7bc6ce.js  54.4 kB
  Γö£ chunks/7391-9fcec6ee184c7e89.js       124 kB
  Γöö other shared chunks (total)          3.24 kB


╞Æ Middleware                             94.7 kB

Γùï  (Static)   prerendered as static content
╞Æ  (Dynamic)  server-rendered on demand

